Flow report for UART_implementation
Wed May 28 16:27:52 2025
Quartus Prime Version 24.1std.0 Build 1077 03/04/2025 SC Lite Edition


---------------------
; Table of Contents ;
---------------------
  1. Legal Notice
  2. Flow Summary
  3. Flow Settings
  4. Flow Non-Default Global Settings
  5. Flow Elapsed Time
  6. Flow OS Summary
  7. Flow Log
  8. Flow Messages
  9. Flow Suppressed Messages



----------------
; Legal Notice ;
----------------
Copyright (C) 2025  Altera Corporation. All rights reserved.
Your use of Altera Corporation's design tools, logic functions 
and other software and tools, and any partner logic 
functions, and any output files from any of the foregoing 
(including device programming or simulation files), and any 
associated documentation or information are expressly subject 
to the terms and conditions of the Altera Program License 
Subscription Agreement, the Altera Quartus Prime License Agreement,
the Altera IP License Agreement, or other applicable license
agreement, including, without limitation, that your use is for
the sole purpose of programming logic devices manufactured by
Altera and sold by Altera or its authorized distributors.  Please
refer to the Altera Software License Subscription Agreements 
on the Quartus Prime software download page.



+--------------------------------------------------------------------------------------+
; Flow Summary                                                                         ;
+------------------------------------+-------------------------------------------------+
; Flow Status                        ; Successful - Wed May 28 16:27:52 2025           ;
; Quartus Prime Version              ; 24.1std.0 Build 1077 03/04/2025 SC Lite Edition ;
; Revision Name                      ; UART_implementation                             ;
; Top-level Entity Name              ; UART_MEMO_Top_ARDUINO_LOOP                      ;
; Family                             ; MAX 10                                          ;
; Device                             ; 10M50DAF484C7G                                  ;
; Timing Models                      ; Final                                           ;
; Total logic elements               ; 301 / 49,760 ( < 1 % )                          ;
;     Total combinational functions  ; 281 / 49,760 ( < 1 % )                          ;
;     Dedicated logic registers      ; 186 / 49,760 ( < 1 % )                          ;
; Total registers                    ; 186                                             ;
; Total pins                         ; 12 / 360 ( 3 % )                                ;
; Total virtual pins                 ; 0                                               ;
; Total memory bits                  ; 0 / 1,677,312 ( 0 % )                           ;
; Embedded Multiplier 9-bit elements ; 0 / 288 ( 0 % )                                 ;
; Total PLLs                         ; 0 / 4 ( 0 % )                                   ;
; UFM blocks                         ; 0 / 1 ( 0 % )                                   ;
; ADC blocks                         ; 0 / 2 ( 0 % )                                   ;
+------------------------------------+-------------------------------------------------+


+-----------------------------------------+
; Flow Settings                           ;
+-------------------+---------------------+
; Option            ; Setting             ;
+-------------------+---------------------+
; Start date & time ; 05/28/2025 16:27:32 ;
; Main task         ; Compilation         ;
; Revision Name     ; UART_implementation ;
+-------------------+---------------------+


+---------------------------------------------------------------------------------------------------------------------------------------------------------------------+
; Flow Non-Default Global Settings                                                                                                                                    ;
+-------------------------------------+----------------------------------------+---------------------+----------------------------+-----------------------------------+
; Assignment Name                     ; Value                                  ; Default Value       ; Entity Name                ; Section Id                        ;
+-------------------------------------+----------------------------------------+---------------------+----------------------------+-----------------------------------+
; COMPILER_SIGNATURE_ID               ; 266128901623323.174844245107452        ; --                  ; --                         ; --                                ;
; EDA_GENERATE_FUNCTIONAL_NETLIST     ; Off                                    ; --                  ; --                         ; eda_board_design_timing           ;
; EDA_GENERATE_FUNCTIONAL_NETLIST     ; Off                                    ; --                  ; --                         ; eda_board_design_boundary_scan    ;
; EDA_GENERATE_FUNCTIONAL_NETLIST     ; Off                                    ; --                  ; --                         ; eda_board_design_signal_integrity ;
; EDA_GENERATE_FUNCTIONAL_NETLIST     ; Off                                    ; --                  ; --                         ; eda_board_design_symbol           ;
; EDA_OUTPUT_DATA_FORMAT              ; Vhdl                                   ; --                  ; --                         ; eda_simulation                    ;
; EDA_SIMULATION_TOOL                 ; Questa Intel FPGA (VHDL)               ; <None>              ; --                         ; --                                ;
; EDA_TIME_SCALE                      ; 1 ps                                   ; --                  ; --                         ; eda_simulation                    ;
; MAX_CORE_JUNCTION_TEMP              ; 85                                     ; --                  ; --                         ; --                                ;
; MIN_CORE_JUNCTION_TEMP              ; 0                                      ; --                  ; --                         ; --                                ;
; PARTITION_COLOR                     ; -- (Not supported for targeted family) ; --                  ; UART_MEMO_Top_ARDUINO_LOOP ; Top                               ;
; PARTITION_FITTER_PRESERVATION_LEVEL ; -- (Not supported for targeted family) ; --                  ; UART_MEMO_Top_ARDUINO_LOOP ; Top                               ;
; PARTITION_NETLIST_TYPE              ; -- (Not supported for targeted family) ; --                  ; UART_MEMO_Top_ARDUINO_LOOP ; Top                               ;
; POWER_BOARD_THERMAL_MODEL           ; None (CONSERVATIVE)                    ; --                  ; --                         ; --                                ;
; POWER_PRESET_COOLING_SOLUTION       ; 23 MM HEAT SINK WITH 200 LFPM AIRFLOW  ; --                  ; --                         ; --                                ;
; PROJECT_OUTPUT_DIRECTORY            ; output_files                           ; --                  ; --                         ; --                                ;
; TOP_LEVEL_ENTITY                    ; UART_MEMO_Top_ARDUINO_LOOP             ; UART_implementation ; --                         ; --                                ;
+-------------------------------------+----------------------------------------+---------------------+----------------------------+-----------------------------------+


+--------------------------------------------------------------------------------------------------------------------------+
; Flow Elapsed Time                                                                                                        ;
+----------------------+--------------+-------------------------+---------------------+------------------------------------+
; Module Name          ; Elapsed Time ; Average Processors Used ; Peak Virtual Memory ; Total CPU Time (on all processors) ;
+----------------------+--------------+-------------------------+---------------------+------------------------------------+
; Analysis & Synthesis ; 00:00:07     ; 1.0                     ; 4894 MB             ; 00:00:10                           ;
; Fitter               ; 00:00:07     ; 1.2                     ; 6634 MB             ; 00:00:07                           ;
; Assembler            ; 00:00:02     ; 1.0                     ; 4740 MB             ; 00:00:02                           ;
; Timing Analyzer      ; 00:00:02     ; 1.4                     ; 4958 MB             ; 00:00:01                           ;
; EDA Netlist Writer   ; 00:00:00     ; 1.0                     ; 4655 MB             ; 00:00:00                           ;
; Total                ; 00:00:18     ; --                      ; --                  ; 00:00:20                           ;
+----------------------+--------------+-------------------------+---------------------+------------------------------------+


+------------------------------------------------------------------------------------+
; Flow OS Summary                                                                    ;
+----------------------+------------------+------------+------------+----------------+
; Module Name          ; Machine Hostname ; OS Name    ; OS Version ; Processor type ;
+----------------------+------------------+------------+------------+----------------+
; Analysis & Synthesis ; DESKTOP-LOP1O5A  ; Windows 10 ; 10.0       ; x86_64         ;
; Fitter               ; DESKTOP-LOP1O5A  ; Windows 10 ; 10.0       ; x86_64         ;
; Assembler            ; DESKTOP-LOP1O5A  ; Windows 10 ; 10.0       ; x86_64         ;
; Timing Analyzer      ; DESKTOP-LOP1O5A  ; Windows 10 ; 10.0       ; x86_64         ;
; EDA Netlist Writer   ; DESKTOP-LOP1O5A  ; Windows 10 ; 10.0       ; x86_64         ;
+----------------------+------------------+------------+------------+----------------+


------------
; Flow Log ;
------------
quartus_map --read_settings_files=on --write_settings_files=off UART_implementation -c UART_implementation
quartus_fit --read_settings_files=off --write_settings_files=off UART_implementation -c UART_implementation
quartus_asm --read_settings_files=off --write_settings_files=off UART_implementation -c UART_implementation
quartus_sta UART_implementation -c UART_implementation
quartus_eda --read_settings_files=off --write_settings_files=off UART_implementation -c UART_implementation



